 
     NODE :  2040                                        CITY : MEYRIN         
     HOST :  3840                                        STATE :   
     TYPE : ISIS                                         SITE ID : 3139 
     COMPANY : MCDONNELL DOUGLAS/TY                      SITE CLASS : 23
 
     DATE : 910201  TIME :    539  DELAY :    43
     DATE : 910122  TIME :    741  DELAY :    28
     DATE : 910128  TIME :    529  DELAY :    27
 
     NUMBER OF DELAY OBS. OVER 25  :     3
     PERCENTAGE : % 60.00
 
     TOTAL OBSERVATIONS :       5
 
     NODE :  2061                                        CITY : ST.-CLOUD      
     HOST :  3770                                        STATE :   
     TYPE : ISIS                                         SITE ID : 1336 
     COMPANY : BTT/FRANCE                                SITE CLASS : 21
 
     DATE : 910201  TIME :    542  DELAY :    56
     DATE : 910124  TIME :     15  DELAY :    57
     DATE : 910125  TIME :    257  DELAY :    40
     DATE : 910128  TIME :    544  DELAY :    49
     DATE : 910205  TIME :    141  DELAY :    40
 
     NUMBER OF DELAY OBS. OVER 25  :     5
     PERCENTAGE : %100.00
 
     TOTAL OBSERVATIONS :       5
 
     NODE :  2235                                        CITY : VILLEURBANNE   
     HOST :  7222                                        STATE :   
     TYPE : ISIS                                         SITE ID : A251 
     COMPANY : BTT/FRANCE LYON                           SITE CLASS : 22
 
     DATE : 910128  TIME :    553  DELAY :    32
 
     NUMBER OF DELAY OBS. OVER 25  :     1
     PERCENTAGE : % 20.00
 
     TOTAL OBSERVATIONS :       5
 
     NODE :  2262                                        CITY : READING        
     HOST :  3550                                        STATE :   
     TYPE : ISIS                                         SITE ID : A434 
     COMPANY : BT TYMNET                                 SITE CLASS : 23
 
     DATE : 910124  TIME :     27  DELAY :    29
     DATE : 910125  TIME :    309  DELAY :    43
     DATE : 910128  TIME :    556  DELAY :    31
 
     NUMBER OF DELAY OBS. OVER 25  :     3
     PERCENTAGE : % 60.00
 
     TOTAL OBSERVATIONS :       5
 
     NODE :  2413                                        CITY : BIRMINGHAM     
     HOST : 11837                                        STATE :   
     TYPE : ISIS                                         SITE ID : A385 
     COMPANY : BT TYMNET                                 SITE CLASS : 22
 
     DATE : 910128  TIME :    559  DELAY :    32
     DATE : 910205  TIME :    156  DELAY :    33
 
     NUMBER OF DELAY OBS. OVER 25  :     2
     PERCENTAGE : % 40.00
 
     TOTAL OBSERVATIONS :       5
 
     NODE :  2447                                        CITY : BRUSSELS       
     HOST :  1883                                        STATE :   
     TYPE : ISIS                                         SITE ID : 2323 
     COMPANY : MCDONNELL DOUGLAS IN                      SITE CLASS : 22
 
     DATE : 910125  TIME :    316  DELAY :    30
     DATE : 910205  TIME :    159  DELAY :    34
 
     NUMBER OF DELAY OBS. OVER 25  :     2
     PERCENTAGE : % 40.00
 
     TOTAL OBSERVATIONS :       5
 
     NODE :  2740                                        CITY : SALFORD        
     HOST :  4559                                        STATE :   
     TYPE : ISIS                                         SITE ID : A505 
     COMPANY : BT TYMNET                                 SITE CLASS : 23
 
     DATE : 910125  TIME :    319  DELAY :    27
     DATE : 910128  TIME :    605  DELAY :    35
 
     NUMBER OF DELAY OBS. OVER 25  :     2
     PERCENTAGE : % 40.00
 
     TOTAL OBSERVATIONS :       5
 
     NODE :  3326                                        CITY : SURESNES       
     HOST : 13096                                        STATE :   
     TYPE : ISIS                                         SITE ID : A955 
     COMPANY : BT TYMNET                                 SITE CLASS : 21
 
     DATE : 910201  TIME :    616  DELAY :    27
     DATE : 910124  TIME :     51  DELAY :    27
     DATE : 910205  TIME :    214  DELAY :    28
 
     NUMBER OF DELAY OBS. OVER 25  :     3
     PERCENTAGE : % 60.00
 
     TOTAL OBSERVATIONS :       5
 
     NODE :  3454                                        CITY : CROYDON        
     HOST : 11928                                        STATE :   
     TYPE : ISIS                                         SITE ID : A488 
     COMPANY : BT TYMNET                                 SITE CLASS : 23
 
     DATE : 910201  TIME :    622  DELAY :    43
     DATE : 910124  TIME :     57  DELAY :    39
     DATE : 910125  TIME :    340  DELAY :    44
     DATE : 910128  TIME :    627  DELAY :    43
 
     NUMBER OF DELAY OBS. OVER 25  :     4
     PERCENTAGE : % 80.00
 
     TOTAL OBSERVATIONS :       5
 
     NODE :  3627                                        CITY : BELFAST        
     HOST :  8710                                        STATE :   
     TYPE : ISIS                                         SITE ID : A454 
     COMPANY : BT TYMNET                                 SITE CLASS : 23
 
     DATE : 910128  TIME :    642  DELAY :    46
     DATE : 910204  TIME :     15  DELAY :    37
     DATE : 910205  TIME :    306  DELAY :    35
 
     NUMBER OF DELAY OBS. OVER 25  :     3
     PERCENTAGE : % 50.00
 
     TOTAL OBSERVATIONS :       6
 
     NODE :  4031                                        CITY : ESCHBORN       
     HOST :  2156                                        STATE :   
     TYPE : ISIS                                         SITE ID : A951 
     COMPANY : BT TYMNET                                 SITE CLASS : 21
 
     DATE : 910124  TIME :    118  DELAY :    80
 
     NUMBER OF DELAY OBS. OVER 25  :     1
     PERCENTAGE : % 20.00
 
     TOTAL OBSERVATIONS :       5
 
     NODE :  4105                                        CITY : ESCHBORN       
     HOST :  2198                                        STATE :   
     TYPE : ISIS                                         SITE ID : A951 
     COMPANY : BT TYMNET                                 SITE CLASS : 21
 
     DATE : 910201  TIME :    646  DELAY :    31
     DATE : 910124  TIME :    121  DELAY :    30
     DATE : 910128  TIME :    648  DELAY :    37
 
     NUMBER OF DELAY OBS. OVER 25  :     3
     PERCENTAGE : % 60.00
 
     TOTAL OBSERVATIONS :       5
 
     NODE :  4267                                        CITY : CAMBRIDGE      
     HOST : 11344                                        STATE :   
     TYPE : ISIS                                         SITE ID : A507 
     COMPANY : BT TYMNET                                 SITE CLASS : 23
 
     DATE : 910201  TIME :    652  DELAY :    37
     DATE : 910124  TIME :    127  DELAY :    34
     DATE : 910125  TIME :    410  DELAY :    39
     DATE : 910128  TIME :    655  DELAY :    36
     DATE : 910204  TIME :     21  DELAY :    36
     DATE : 910205  TIME :    312  DELAY :    40
 
     NUMBER OF DELAY OBS. OVER 25  :     6
     PERCENTAGE : %100.00
 
     TOTAL OBSERVATIONS :       6
 
     NODE :  4723                                        CITY : LONDON         
     HOST :  5589                                        STATE :   
     TYPE : ISIS                                         SITE ID : A386 
     COMPANY : BT TYMNET                                 SITE CLASS : 21
 
     DATE : 910201  TIME :    701  EXCT  :    23
     DATE : 910124  TIME :    136  EXCT  :    23
     DATE : 910125  TIME :    419  EXCT  :    22
     DATE : 910128  TIME :    700  EXCT  :    23
     DATE : 910204  TIME :     27  EXCT  :    25
     DATE : 910205  TIME :    318  EXCT  :    24
 
 
     NUMBER OF EXCT LESS THAN 40  :       6
     PERCENTAGE : %100.00
 
     TOTAL OBSERVATIONS :       6
 
     NODE :  5112                                        CITY : LONDON         
     HOST : 11920                                        STATE :   
     TYPE : ISIS                                         SITE ID : A386 
     COMPANY : BT TYMNET                                 SITE CLASS : 21
 
     DATE : 910125  TIME :    422  DELAY :    52
 
     NUMBER OF DELAY OBS. OVER 25  :     1
     PERCENTAGE : % 16.67
 
     TOTAL OBSERVATIONS :       6
 
     NODE :  5205                                        CITY : VALKENSWAARD   
     HOST :  4470                                        STATE :   
     TYPE : ISIS                                         SITE ID : 2741 
     COMPANY : MDISI                                     SITE CLASS : 23
 
     DATE : 910201  TIME :    710  DELAY :    41
     DATE : 910124  TIME :    145  DELAY :    44
     DATE : 910125  TIME :    428  DELAY :    26
     DATE : 910128  TIME :    713  DELAY :    45
     DATE : 910204  TIME :     39  DELAY :    42
 
     NUMBER OF DELAY OBS. OVER 25  :     5
     PERCENTAGE : % 83.33
 
     TOTAL OBSERVATIONS :       6
 
     NODE :  5316                                        CITY : ESCHBORN       
     HOST :  2379                                        STATE :   
     TYPE : ISIS                                         SITE ID : A951 
     COMPANY : BT TYMNET                                 SITE CLASS : 21
 
     DATE : 910201  TIME :    713  DELAY :    30
     DATE : 910124  TIME :    148  DELAY :    30
     DATE : 910125  TIME :    431  DELAY :    30
     DATE : 910128  TIME :    716  DELAY :    32
     DATE : 910205  TIME :    238  DELAY :    31
 
     NUMBER OF DELAY OBS. OVER 25  :     5
     PERCENTAGE : %100.00
 
     TOTAL OBSERVATIONS :       5
 
     NODE :  5651                                        CITY : SCHLIEREN      
     HOST :  1490                                        STATE :   
     TYPE : ISIS                                         SITE ID : A639 
     COMPANY : BT TYMNET/MDISI                           SITE CLASS : 22
 
     DATE : 910128  TIME :    728  DELAY :    28
     DATE : 910205  TIME :    248  DELAY :    30
 
     NUMBER OF DELAY OBS. OVER 25  :     2
     PERCENTAGE : % 33.33
 
     TOTAL OBSERVATIONS :       6
 
     NODE :  6111                                        CITY : THE HAGUE      
     HOST :  1352                                        STATE :   
     TYPE : ISIS                                         SITE ID : 3221 
     COMPANY : MCDONNELL DOUGLAS IN                      SITE CLASS : 23
 
     DATE : 910201  TIME :    728  DELAY :    31
     DATE : 910121  TIME :    704  DELAY :    39
     DATE : 910124  TIME :    204  DELAY :    33
     DATE : 910125  TIME :    446  DELAY :    26
     DATE : 910128  TIME :    731  DELAY :    31
 
     NUMBER OF DELAY OBS. OVER 25  :     5
     PERCENTAGE : % 71.43
 
     TOTAL OBSERVATIONS :       7
 
     NODE :  6131                                        CITY : EDINBURGH      
     HOST : 11835                                        STATE :   
     TYPE : ISIS                                         SITE ID : A383 
     COMPANY : BT TYMNET                                 SITE CLASS : 23
 
     DATE : 910201  TIME :    734  DELAY :    28
     DATE : 910128  TIME :    734  DELAY :    26
 
     NUMBER OF DELAY OBS. OVER 25  :     2
     PERCENTAGE : % 28.57
 
     TOTAL OBSERVATIONS :       7
 
     NODE :  6431                                        CITY : LONDON         
     HOST :  8874                                        STATE :   
     TYPE : ISIS                                         SITE ID : A386 
     COMPANY : BT TYMNET                                 SITE CLASS : 21
 
     DATE : 910201  TIME :    740  DELAY :    27
     DATE : 910121  TIME :    713  DELAY :    43
     DATE : 910124  TIME :    213  DELAY :    41
     DATE : 910125  TIME :    455  DELAY :    28
     DATE : 910128  TIME :    740  DELAY :    43
     DATE : 910205  TIME :    342  DELAY :    39
 
     NUMBER OF DELAY OBS. OVER 25  :     6
     PERCENTAGE : % 85.71
 
     TOTAL OBSERVATIONS :       7
 
     NODE :  7047                                        CITY : ST.-CLOUD      
     HOST :  7127                                        STATE :   
     TYPE : ISIS                                         SITE ID : 1336 
     COMPANY : BTT/FRANCE                                SITE CLASS : 21
 
     DATE : 910121  TIME :    716  DELAY :    31
     DATE : 910124  TIME :    216  DELAY :    28
     DATE : 910125  TIME :    458  DELAY :    34
 
     NUMBER OF DELAY OBS. OVER 25  :     3
     PERCENTAGE : % 50.00
 
     TOTAL OBSERVATIONS :       6
 
     NODE :  7177                                        CITY : COPENHAGEN     
     HOST :  3025                                        STATE :   
     TYPE : ISIS                                         SITE ID : 9624 
     COMPANY : TYMNET/EAC DATA                           SITE CLASS : 23
 
     DATE : 910121  TIME :    725  DELAY :    33
     DATE : 910124  TIME :    225  DELAY :    33
     DATE : 910125  TIME :    507  DELAY :    30
     DATE : 910131  TIME :     11  DELAY :    35
     DATE : 910204  TIME :    343  DELAY :    31
     DATE : 910205  TIME :    635  DELAY :    30
 
     NUMBER OF DELAY OBS. OVER 25  :     6
     PERCENTAGE : %100.00
 
     TOTAL OBSERVATIONS :       6
 
     NODE :  7266                                        CITY : AMSTERDAM      
     HOST :   973                                        STATE :   
     TYPE : ISIS                                         SITE ID : A590 
     COMPANY : BT TYMNET                                 SITE CLASS : 22
 
     DATE : 910131  TIME :     20  DELAY :    42
     DATE : 910205  TIME :    626  DELAY :    59
 
     NUMBER OF DELAY OBS. OVER 25  :     2
     PERCENTAGE : % 33.33
 
     TOTAL OBSERVATIONS :       6
 
     NODE :  7663                                        CITY : BIRMINGHAM     
     HOST : 11836                                        STATE :   
     TYPE : ISIS                                         SITE ID : A385 
     COMPANY : BT TYMNET                                 SITE CLASS : 22
 
     DATE : 910121  TIME :    740  DELAY :    31
     DATE : 910124  TIME :    240  DELAY :    32
 
     NUMBER OF DELAY OBS. OVER 25  :     2
     PERCENTAGE : % 33.33
 
     TOTAL OBSERVATIONS :       6
 
     NODE : 10302                                        CITY : FRANKFURT      
     HOST : 11517                                        STATE :   
     TYPE : ISIS                                         SITE ID : 3133 
     COMPANY : MDISI GMBH                                SITE CLASS : 21
 
     DATE : 910124  TIME :    437  DELAY :    26
     DATE : 910125  TIME :    722  DELAY :    37
     DATE : 910131  TIME :    219  DELAY :    29
     DATE : 910204  TIME :    319  DELAY :    34
     DATE : 910205  TIME :    608  DELAY :    30
 
     NUMBER OF DELAY OBS. OVER 25  :     5
     PERCENTAGE : %100.00
 
     TOTAL OBSERVATIONS :       5
 
     NODE : 11020                                        CITY : FRANKFURT      
     HOST :  2864                                        STATE :   
     TYPE : ISIS                                         SITE ID : 3133 
     COMPANY : MDISI GMBH                                SITE CLASS : 21
 
     DATE : 910201  TIME :      4  DELAY :    34
     DATE : 910204  TIME :    310  DELAY :    26
     DATE : 910205  TIME :    559  DELAY :    47
 
     NUMBER OF DELAY OBS. OVER 25  :     3
     PERCENTAGE : % 60.00
 
     TOTAL OBSERVATIONS :       5
 
     NODE : 11036                                        CITY : ST.-CLOUD      
     HOST : 11839                                        STATE :   
     TYPE : ISIS                                         SITE ID : 1336 
     COMPANY : BTT/FRANCE                                SITE CLASS : 21
 
     DATE : 910125  TIME :    707  DELAY :    39
 
     NUMBER OF DELAY OBS. OVER 25  :     1
     PERCENTAGE : % 20.00
 
     TOTAL OBSERVATIONS :       5
 
     NODE : 11074                                        CITY : EALING         
     HOST :  1570                                        STATE :   
     TYPE : ISIS                                         SITE ID : A424 
     COMPANY : BTITISH TELECOM EALI                      SITE CLASS : 23
 
     DATE : 910124  TIME :    416  DELAY :    33
     DATE : 910125  TIME :    658  DELAY :    71
     DATE : 910131  TIME :    201  DELAY :    36
     DATE : 910204  TIME :    258  DELAY :   216
     DATE : 910205  TIME :    547  DELAY :    32
 
     NUMBER OF DELAY OBS. OVER 25  :     5
     PERCENTAGE : %100.00
 
     TOTAL OBSERVATIONS :       5
 
     NODE : 11223                                        CITY : LONDON         
     HOST :  9693                                        STATE :   
     TYPE : ISIS                                         SITE ID : A386 
     COMPANY : BT TYMNET                                 SITE CLASS : 21
 
     DATE : 910124  TIME :    407  DELAY :    44
     DATE : 910125  TIME :    649  DELAY :    35
     DATE : 910131  TIME :    152  DELAY :    40
     DATE : 910204  TIME :    249  DELAY :    38
     DATE : 910205  TIME :    538  DELAY :    38
 
     NUMBER OF DELAY OBS. OVER 25  :     5
     PERCENTAGE : %100.00
 
     TOTAL OBSERVATIONS :       5
 
     NODE : 11225                                        CITY : LONDON         
     HOST :  9699                                        STATE :   
     TYPE : ISIS                                         SITE ID : A386 
     COMPANY : BT TYMNET                                 SITE CLASS : 21
 
     DATE : 910124  TIME :    404  DELAY :    33
     DATE : 910125  TIME :    645  DELAY :    34
     DATE : 910131  TIME :    149  DELAY :    34
     DATE : 910204  TIME :    243  DELAY :    31
     DATE : 910205  TIME :    535  DELAY :    33
 
     NUMBER OF DELAY OBS. OVER 25  :     5
     PERCENTAGE : %100.00
 
     TOTAL OBSERVATIONS :       5
 
     NODE : 11361                                        CITY : EALING         
     HOST :  2083                                   STATE :   
     TYPE : ISIS                                         SITE ID : A424 
     COMPANY : BTITISH TELECOM EALI                      SITE CLASS : 23
 
     DATE : 910124  TIME :    352  DELAY :    41
     DATE : 910125  TIME :    632  DELAY :   527
     DATE : 910131  TIME :    140  DELAY :    40
     DATE : 910204  TIME :    231  DELAY :    42
     DATE : 910205  TIME :    519  DELAY :    40
 
     NUMBER OF DELAY OBS. OVER 25  :     5
     PERCENTAGE : %100.00
 
     TOTAL OBSERVATIONS :       5
 
     NODE : 11665                                        CITY : MILAN          
     HOST : 10588                                        STATE :   
     TYPE : ISIS                                         SITE ID : 2292 
     COMPANY : MCDONNELL DOUGLAS/TY                      SITE CLASS : 23
 
     DATE : 910124  TIME :    340  DELAY :    28
     DATE : 910125  TIME :    620  DELAY :    26
     DATE : 910131  TIME :    125  DELAY :    26
     DATE : 910204  TIME :    218  DELAY :    26
     DATE : 910205  TIME :    507  DELAY :    26
 
     NUMBER OF DELAY OBS. OVER 25  :     5
     PERCENTAGE : %100.00
 
     TOTAL OBSERVATIONS :       5
 
     NODE : 11736                                        CITY : LEEDS          
     HOST :  5521                                        STATE :   
     TYPE : ISIS                                         SITE ID : A504 
     COMPANY : BT TYMNET                                 SITE CLASS : 23
 
     DATE : 910124  TIME :    334  DELAY :    38
     DATE : 910125  TIME :    617  DELAY :    71
     DATE : 910131  TIME :    122  DELAY :    40
     DATE : 910204  TIME :    212  DELAY :    40
     DATE : 910205  TIME :    504  DELAY :    66
 
     NUMBER OF DELAY OBS. OVER 25  :     5
     PERCENTAGE : %100.00
 
     TOTAL OBSERVATIONS :       5
 
     NODE : 11744                                        CITY : BRISTOL        
     HOST :  5831                                        STATE :   
     TYPE : ISIS                                         SITE ID : A446 
     COMPANY : BT TYMNET                                 SITE CLASS : 23
 
     DATE : 910205  TIME :    501  DELAY :    39
 
     NUMBER OF DELAY OBS. OVER 25  :     1
     PERCENTAGE : % 20.00
 
     TOTAL OBSERVATIONS :       5
 
     NODE : 12024                                        CITY : MILAN          
     HOST :  8873                                        STATE :   
     TYPE : ISIS                                         SITE ID : 2292 
     COMPANY : MCDONNELL DOUGLAS/TY                      SITE CLASS : 23
 
     DATE : 910124  TIME :    328  DELAY :    33
     DATE : 910131  TIME :    116  DELAY :    57
 
     NUMBER OF DELAY OBS. OVER 25  :     2
     PERCENTAGE : % 40.00
 
     TOTAL OBSERVATIONS :       5
 
     NODE : 12055                                        CITY : DUSSELDORF     
     HOST : 11007                                        STATE :   
     TYPE : ISIS                                         SITE ID : A893 
     COMPANY : BT TYMNET                                 SITE CLASS : 22
 
     DATE : 910131  TIME :    100  DELAY :    35
 
     NUMBER OF DELAY OBS. OVER 25  :     1
     PERCENTAGE : % 20.00
 
     TOTAL OBSERVATIONS :       5
 
     NODE : 12056                                        CITY : DUSSELDORF     
     HOST :  6624                                        STATE :   
     TYPE : ISIS                                         SITE ID : A893 
     COMPANY : BT TYMNET                                 SITE CLASS : 22
 
     DATE : 910124  TIME :    310  DELAY :    29
     DATE : 910125  TIME :    553  DELAY :    27
     DATE : 910131  TIME :     57  DELAY :    26
     DATE : 910204  TIME :    148  DELAY :    27
     DATE : 910205  TIME :    440  DELAY :    39
 
     NUMBER OF DELAY OBS. OVER 25  :     5
     PERCENTAGE : %100.00
 
     TOTAL OBSERVATIONS :       5
 
     NODE : 12207                                        CITY : SURESNES       
     HOST : 10055                                        STATE :   
     TYPE : ISIS                                         SITE ID : A955 
     COMPANY : BT TYMNET                                 SITE CLASS : 21
 
     DATE : 910124  TIME :    301  DELAY :    28
     DATE : 910205  TIME :    428  DELAY :    26
 
     NUMBER OF DELAY OBS. OVER 25  :     2
     PERCENTAGE : % 40.00
 
     TOTAL OBSERVATIONS :       5
 
     NODE : 12423                                        CITY : MADRID         
     HOST :  7229                                        STATE :   
     TYPE : ISIS                                         SITE ID : 3895 
     COMPANY : BT TYMNET SPAIN                           SITE CLASS : 23
 
     DATE : 910205  TIME :    422  DELAY :    27
 
     NUMBER OF DELAY OBS. OVER 25  :     1
     PERCENTAGE : % 20.00
 
     TOTAL OBSERVATIONS :       5
 
     NODE : 12563                                        CITY : LONDON         
     HOST :  1872                                        STATE :   
     TYPE : ISIS                                         SITE ID : A386 
     COMPANY : BT TYMNET                                 SITE CLASS : 21
 
     DATE : 910124  TIME :    252  DELAY :    38
 
     NUMBER OF DELAY OBS. OVER 25  :     1
     PERCENTAGE : % 20.00
 
     TOTAL OBSERVATIONS :       5
 
     NODE : 12571                                        CITY : LONDON         
     HOST :  6540                                        STATE :   
     TYPE : ISIS                                         SITE ID : A386 
     COMPANY : BT TYMNET                                 SITE CLASS : 21
 
     DATE : 910128  TIME :     31  DELAY :    26
 
     NUMBER OF DELAY OBS. OVER 25  :     1
     PERCENTAGE : % 20.00
 
     TOTAL OBSERVATIONS :       5
 
 
                       POINT 1        POINT 2
                       -------        -------
     NODE :             3464           6352           CKT ID : FDEA97595 (US) 
     HOST :             3040           1207           BANDWIDTH : 14.4 
     TYPE :            ISIS           ISIS                  
     COMPANY :         BTT/FRANCE     BT TYMNET           
     CITY :            ST.-CLOUD      NORRISTOWN
     STATE :                          PA
     SITE ID :         1336           69   
     SITE CLASS :      21              1
 
     DATE : 910124  TIME :    650  BNDW IN : %    99  BNDW OUT : %    26
     DATE : 910201  TIME :    200  BNDW IN : %    89  BNDW OUT : %    13
 
     % IN : 40.0  % OUT :  0.0
     FREQ IN :   2  FREQ OUT :   0
 
     OBSERVATIONS :       5
 
 
                       POINT 1        POINT 2
                       -------        -------
     NODE :             3463          11020           CKT ID : LL(GE<>FR)     
     HOST :             3039           2864           BANDWIDTH : 9.6  
     TYPE :            ISIS           ISIS                  
     COMPANY :         BTT/FRANCE     MDISI GMBH          
     CITY :            ST.-CLOUD      FRANKFURT 
     STATE :                            
     SITE ID :         1336           3133 
     SITE CLASS :      21             21
 
     DATE : 910124  TIME :    644  BNDW IN : %    17  BNDW OUT : %    97
     DATE : 910204  TIME :    532  BNDW IN : %    60  BNDW OUT : %    43
 
     % IN : 20.0  % OUT : 20.0
     FREQ IN :   1  FREQ OUT :   1
 
     OBSERVATIONS :       5
 
 
                       POINT 1        POINT 2
                       -------        -------
     NODE :             4031          11020           CKT ID : BAD SODEN-FRA57
     HOST :             2156           2864           BANDWIDTH : 64   
     TYPE :            ISIS           ISIS                  
     COMPANY :         BT TYMNET      MDISI GMBH          
     CITY :            ESCHBORN       FRANKFURT 
     STATE :                            
     SITE ID :         A951           3133 
     SITE CLASS :      21             21
 
     DATE : 910131  TIME :    516  BNDW IN : %    49  BNDW OUT : %    52
     DATE : 910201  TIME :    245  BNDW IN : %    58  BNDW OUT : %    26
 
     % IN : 33.3  % OUT : 16.7
     FREQ IN :   2  FREQ OUT :   1
 
     OBSERVATIONS :       6
 
 
                       POINT 1        POINT 2
                       -------        -------
     NODE :             3464          11665           CKT ID : 71A08499DPE4 (I
     HOST :             3040          10588           BANDWIDTH : 9.6  
     TYPE :            ISIS           ISIS                  
     COMPANY :         BTT/FRANCE     MCDONNELL DOUGLAS/TY
     CITY :            ST.-CLOUD      MILAN     
     STATE :                            
     SITE ID :         1336           2292 
     SITE CLASS :      21             23
 
     DATE : 910124  TIME :    712  BNDW IN : %    15  BNDW OUT : %    65
     DATE : 910124  TIME :    712  BNDW IN : %    15  BNDW OUT : %    65
     DATE : 910201  TIME :    221  BNDW IN : %    13  BNDW OUT : %    48
 
     % IN :  0.0  % OUT : 50.0
     FREQ IN :   0  FREQ OUT :   3
 
     OBSERVATIONS :       6
 
 
                       POINT 1        POINT 2
                       -------        -------
     NODE :             4146           5112           CKT ID : LON-STOCK/DP46(
     HOST :             4089          11920           BANDWIDTH : 14.4 
     TYPE :            ISIS           ISIS                  
     COMPANY :         MCDONNELL      BT TYMNET           
     CITY :            BROMMA         LONDON    
     STATE :                            
     SITE ID :         9351           A386 
     SITE CLASS :      22             21
 
     DATE : 910125  TIME :     13  BNDW IN : %    86  BNDW OUT : %    11
 
     % IN : 20.0  % OUT :  0.0
     FREQ IN :   1  FREQ OUT :   0
 
     OBSERVATIONS :       5
 
 
                       POINT 1        POINT 2
                       -------        -------
     NODE :             2773           6111           CKT ID : LL NL          
     HOST :             3831           1352           BANDWIDTH : 14.4 
     TYPE :            ISIS           ISIS                  
     COMPANY :         BT TYMNET      MCDONNELL DOUGLAS IN
     CITY :            ROTTERDAM      THE HAGUE 
     STATE :                            
     SITE ID :         A952           3221 
     SITE CLASS :      22             23
 
     DATE : 910131  TIME :    323  BNDW IN : %    61  BNDW OUT : %     8
 
     % IN : 16.7  % OUT :  0.0
     FREQ IN :   1  FREQ OUT :   0
 
     OBSERVATIONS :       6
 
 
                       POINT 1        POINT 2
                       -------        -------
     NODE :             3574           5112           CKT ID : LL             
     HOST :             4423          11920           BANDWIDTH : 64   
     TYPE :            ISIS           ISIS                  
     COMPANY :         BT TYMNET      BT TYMNET           
     CITY :            READING        LONDON    
     STATE :                            
     SITE ID :         A434           A386 
     SITE CLASS :      23             21
 
     DATE : 910201  TIME :    224  BNDW IN : %    85  BNDW OUT : %    17
 
     % IN : 16.7  % OUT :  0.0
     FREQ IN :   1  FREQ OUT :   0
 
     OBSERVATIONS :       6
 
 
                       POINT 1        POINT 2
                       -------        -------
     NODE :             3323           3462           CKT ID : DP102270(DA)   
     HOST :             4192           8291           BANDWIDTH : 14.4 
     TYPE :            ISIS           ISIS                  
     COMPANY :         HONEYWELL      TYMNET/EAC DATA     
     CITY :            ESPOO          COPENHAGEN
     STATE :                            
     SITE ID :         A156           9624 
     SITE CLASS :      23             23
 
     DATE : 910124  TIME :    553  BNDW IN : %    72  BNDW OUT : %    25
     DATE : 910128  TIME :     59  BNDW IN : %    74  BNDW OUT : %    25
     DATE : 910201  TIME :    105  BNDW IN : %    55  BNDW OUT : %    13
 
     % IN : 50.0  % OUT :  0.0
     FREQ IN :   3  FREQ OUT :   0
 
     OBSERVATIONS :       6
 
 
                       POINT 1        POINT 2
                       -------        -------
     NODE :             5205           6111           CKT ID : 31.4902.19954  
     HOST :             4470           1352           BANDWIDTH : 9.6  
     TYPE :            ISIS           ISIS                  
     COMPANY :         MDISI          MCDONNELL DOUGLAS IN
     CITY :            VALKENSWAA     THE HAGUE 
     STATE :                            
     SITE ID :         2741           3221 
     SITE CLASS :      23             23
 
     DATE : 910131  TIME :    613  BNDW IN : %    14  BNDW OUT : %    46
 
     % IN :  0.0  % OUT : 20.0
     FREQ IN :   0  FREQ OUT :   1
 
     OBSERVATIONS :       5
O@W¹