 
     NODE : 10044                                        CITY : KNOXVILLE      
     HOST :  7892                                        STATE : TN
     TYPE : ISIS                                         SITE ID :    66
     COMPANY : TYMNET INC.                               SITE CLASS :  3
 
     DATE : 870813  TIME :   1635  DELAY :    35
 
     NUMBER OF DELAY OBS. OVER 25  :     1
     PERCENTAGE : %100.00
 
     TOTAL OBSERVATIONS :       1
 
 
                       POINT 1        POINT 2
                       -------        -------
     NODE :             2027          10476           CKT ID : FDEA533654     
     HOST :             1723           7427           BANDWIDTH : 19.2 
     TYPE :            SWITCHER       SWITCHER              
     COMPANY :         TYMNET INC     TYMNET/WEST SRVICES 
     CITY :            NORRISTOWN     BOSTON    
     STATE :           PA             MA
     SITE ID :            69           3226
     SITE CLASS :       1              2
 
     DATE : 870814  TIME :   1116  BNDW IN : %    28  BNDW OUT : %    64
 
     % IN :  0.0  % OUT : 50.0
     FREQ IN :   0  FREQ OUT :   1
 
     OBSERVATIONS :       2
