-DIR(TECHREF)*.DOC

CAN NOT READ DIRECTORY FOR THIS PROJECT-PROGRAMMER
-O ALL
HINDS

-
Did not set WC RC OP GD TD ST JL XC WA
-DIR(TECHREF)*.DOC

CCT     DOC       4   2-OCT-90 1406    ALL RD  NO   29-OCT-90(A)
300     DOC       8   1-MAY-90 1459    ALL ALL ALL  13-SEP-90(A)
305     DOC       8   1-MAY-90 1439    ALL ALL ALL  13-SEP-90(A)
POLFLO  DOC       2  18-APR-90 1306    ALL ALL ALL  30-OCT-90(A)
ALC     DOC       9   8-MAR-90 1937    ALL ALL ALL  30-OCT-90(A)
XHOST   DOC       6   6-NOV-89 1303    ALL ALL ALL  25-OCT-90(A)
NODE    DOC       5  21-MAR-89 1943    ALL ALL ALL  30-OCT-90(A)
UOM     DOC      17  13-MAR-89 1903    ALL ALL ALL  30-OCT-90(A)
CONSAT  DOC     122  15-FEB-89 1204    ALL ALL ALL  29-OCT-90(A)
PBHERS  DOC     182  13-JAN-89 1746    ALL ALL ALL  13-SEP-90(A)
CHGMGT  DOC      11  21-DEC-88 1332    ALL ALL ALL  13-SEP-90(A)
ISIS    DOC      87  11-NOV-88 1231    ALL ALL ALL  30-OCT-90(A)
SNADDT  DOC      44   6-NOV-88 2036    ALL ALL ALL  30-OCT-90(A)
THOST   DOC       8  26-SEP-88 1435    ALL ALL ALL  14-SEP-90(A)
SCLASS  DOC      71  15-SEP-88 1332    ALL ALL ALL  30-OCT-90(A)
PBTERS  DOC     147  25-JUL-88 1502    ALL ALL ALL  26-OCT-90(A)
TOM     DOC      27   9-JUN-88  239    ALL ALL ALL  23-OCT-90(A)
TMCS    DOC     115   8-JUN-88 1708    ALL ALL ALL  30-OCT-90(A)
SGUIDE  DOC      71  20-MAY-88 1800    ALL ALL ALL   8-OCT-90(A)
TYMFIL  DOC       9   4-MAY-88 1316    ALL ALL ALL  26-OCT-90(A)
TMCLOG  DOC      22   4-APR-88 1831    ALL ALL ALL  30-OCT-90(A)
NTV307  DOC     138   5-FEB-88 1434    ALL ALL ALL  30-OCT-90(A)
RDH     DOC     629  29-JAN-88 1021    ALL ALL ALL  30-OCT-90(A)
APPEAL  DOC      44   5-JAN-88 1649    ALL RD  NO   25-OCT-90(A)
RAMRR5  DOC      69   2-SEP-87 1408    ALL ALL ALL  13-SEP-90(A)
B7MSG   DOC       8  24-AUG-87 1757    ALL ALL ALL  30-OCT-90(A)
TYMCOM  DOC      62  12-JUL-87 1340    ALL ALL ALL  30-OCT-90(A)
HDLC    DOC      48  30-JUN-87 1304    ALL ALL ALL   3-OCT-90(A)
PVCINT  DOC       7  22-JUN-87 2127    ALL ALL ALL  27-SEP-90(A)
PVC     DOC       7  22-JUN-87 2126    ALL ALL ALL  27-SEP-90(A)
IIXGWY  DOC       7  22-JUN-87 2126    ALL ALL ALL  30-OCT-90(A)
LG2GED  DOC     127  20-MAY-87 1354    ALL ALL ALL  30-OCT-90(A)
SYSTAT  DOC      10   3-MAY-87  251    ALL ALL ALL  30-OCT-90(A)
CJMSFI  DOC      27   3-MAY-87  241    ALL ALL ALL  30-OCT-90(A)
DDCGID  DOC      11   3-MAY-87  237    ALL ALL ALL  30-OCT-90(A)
DDCGED  DOC       5   3-MAY-87  236    ALL ALL ALL  30-OCT-90(A)
MDGED   DOC      18   3-MAY-87  205    ALL ALL ALL  30-OCT-90(A)
MD2770  DOC      14   3-MAY-87  204    ALL ALL ALL  30-OCT-90(A)
VHRGID  DOC      19   3-MAY-87  150    ALL ALL ALL  30-OCT-90(A)
CMHGID  DOC      27   3-MAY-87  148    ALL ALL ALL  30-OCT-90(A)
ISIS2   DOC     151   3-MAY-87  140    ALL ALL ALL  30-OCT-90(A)
DIALUP  DOC      21   3-MAY-87  139    ALL ALL ALL  30-OCT-90(A)
BOM     DOC      17   3-MAY-87  138    ALL ALL ALL  30-OCT-90(A)
SPGED   DOC      17   3-MAY-87  103    ALL ALL ALL  30-OCT-90(A)
DEVICE  DOC      32   3-MAY-87  101    ALL ALL ALL  30-OCT-90(A)
3270X   DOC      15   3-MAY-87   53    ALL ALL ALL  30-OCT-90(A)
COPY    DOC       2   3-MAY-87   31    ALL ALL ALL  30-OCT-90(A)
3270H   DOC       8   3-MAY-87   29    ALL ALL ALL  30-OCT-90(A)
3270T   DOC      10   3-MAY-87   27    ALL ALL ALL  30-OCT-90(A)
SUP     DOC      45   3-MAY-87   24    ALL ALL ALL  30-OCT-90(A)
NSR     DOC      38   3-MAY-87   19    ALL ALL ALL  30-OCT-90(A)
UG3270  DOC      32   3-MAY-87   18    ALL ALL ALL  30-OCT-90(A)
OTDIAL  DOC       2   3-MAY-87   18    ALL ALL ALL  30-OCT-90(A)
EXEC    DOC       2   3-MAY-87   18    ALL ALL ALL  30-OCT-90(A)
GETDMP  DOC       3   3-MAY-87   17    ALL ALL ALL  30-OCT-90(A)
XRAY05  DOC     147   3-MAY-87    9    ALL ALL ALL  30-OCT-90(A)
XPCTFG  DOC      45   3-MAY-87    6    ALL ALL ALL  30-OCT-90(A)
CMTDEF  DOC       3   3-MAY-87    6    ALL ALL ALL  30-OCT-90(A)
CIRCUI  DOC      65   2-MAY-87 2355    ALL ALL ALL  30-OCT-90(A)
TBASE   DOC      22   2-MAY-87 2354    ALL ALL ALL  30-OCT-90(A)
NET1    DOC      71   2-MAY-87 2351    ALL ALL ALL  30-OCT-90(A)
ACCT2   DOC      35   2-MAY-87 2349    ALL ALL ALL  30-OCT-90(A)
ACT80   DOC      21   2-MAY-87 2348    ALL ALL ALL  30-OCT-90(A)
CLDMAP  DOC       4   2-MAY-87 2346    ALL ALL ALL  30-OCT-90(A)
XGUIDE  DOC      95   2-MAY-87 2341    ALL ALL ALL  30-OCT-90(A)
ISISMS  DOC      14   2-MAY-87 2340    ALL ALL ALL  30-OCT-90(A)
TIIMSG  DOC      11   2-MAY-87 2340    ALL ALL ALL  30-OCT-90(A)
QLCERS  DOC      60   2-MAY-87 2332    ALL ALL ALL  30-OCT-90(A)
XPCMEM  DOC       3   2-MAY-87 2329    ALL ALL ALL  30-OCT-90(A)
B       DOC       7   2-MAY-87 2329    ALL ALL ALL  30-OCT-90(A)
ADM42   DOC       6   2-MAY-87 2329    ALL ALL ALL  30-OCT-90(A)
UPGRAD  DOC       3   2-MAY-87 2328    ALL ALL ALL  30-OCT-90(A)
BOPT    DOC      10   2-MAY-87 2328    ALL ALL ALL  30-OCT-90(A)
DBUG    DOC       3   2-MAY-87 2327    ALL ALL ALL  30-OCT-90(A)
LUK     DOC       2   2-MAY-87 2327    ALL ALL ALL  30-OCT-90(A)
GENOTD  DOC       3   2-MAY-87 2327    ALL ALL ALL  30-OCT-90(A)
SNA     DOC       9   2-MAY-87 2326    ALL ALL ALL  30-OCT-90(A)
NPORT   DOC       2   2-MAY-87 2326    ALL ALL ALL  30-OCT-90(A)
TCLASS  DOC       4   2-MAY-87 2324    ALL ALL ALL  30-OCT-90(A)
FIND    DOC       3   2-MAY-87 2324    ALL ALL ALL  30-OCT-90(A)
FICHE   DOC       3   2-MAY-87 2324    ALL ALL ALL  30-OCT-90(A)
3270TY  DOC      42   2-MAY-87 2320    ALL ALL ALL  30-OCT-90(A)
NTO300  DOC      37   2-MAY-87 2311    ALL ALL ALL  30-OCT-90(A)
NTC300  DOC       8   2-MAY-87 2311    ALL ALL ALL  30-OCT-90(A)
NTV300  DOC     130   2-MAY-87 2303    ALL ALL ALL  30-OCT-90(A)
ACCOUN  DOC      10   2-MAY-87 2303    ALL ALL ALL  30-OCT-90(A)
NMIG    DOC      73   2-MAY-87 2241    ALL ALL ALL  30-OCT-90(A)
XPC     DOC      47   2-MAY-87 2238    ALL ALL ALL  30-OCT-90(A)
SUPGEN  DOC      59   2-MAY-87 2230    ALL ALL ALL  30-OCT-90(A)
SUPFLD  DOC      72   2-MAY-87 2226    ALL ALL ALL  30-OCT-90(A)
DTPERS  DOC       7   2-MAY-87 2211    ALL ALL ALL  30-OCT-90(A)
DTPGED  DOC       4   2-MAY-87 2211    ALL ALL ALL  30-OCT-90(A)
ENGINE  DOC     107   2-MAY-87 2205    ALL ALL ALL  30-OCT-90(A)
NETCON  DOC       2   2-MAY-87 2155    ALL ALL ALL  30-OCT-90(A)
X25SPR  DOC     102   2-MAY-87 2146    ALL ALL ALL  30-OCT-90(A)
MCPGED  DOC      24   2-MAY-87 2140    ALL ALL ALL  30-OCT-90(A)
SUPLOG  DOC       9   2-MAY-87 2122    ALL ALL ALL  30-OCT-90(A)
327DSP  DOC       7   2-MAY-87 2006    ALL ALL ALL  30-OCT-90(A)
AIRDOA  DOC       3   2-MAY-87 2006    ALL ALL ALL  30-OCT-90(A)
AIRDOP  DOC       3   2-MAY-87 2006    ALL ALL ALL  30-OCT-90(A)
PAPER   DOC      12   2-MAY-87 2004    ALL ALL ALL  30-OCT-90(A)
NTV305  DOC     128   2-MAY-87 1949    ALL ALL ALL  30-OCT-90(A)
NTC305  DOC       8   2-MAY-87 1948    ALL ALL ALL  30-OCT-90(A)
PHIGED  DOC      37   2-MAY-87 1942    ALL ALL ALL  30-OCT-90(A)
SUPGED  DOC      37   2-MAY-87 1934    ALL ALL ALL  30-OCT-90(A)
BBXSOM  DOC       5   2-MAY-87 1907    ALL ALL ALL   7-OCT-90(A)
QLCSGN  DOC      62   2-MAY-87 1822    ALL ALL ALL  30-OCT-90(A)
ACOUNT  DOC      32   2-MAY-87 1802    ALL ALL ALL  30-OCT-90(A)
NEMERS  DOC      19   2-MAY-87 1718    ALL ALL ALL  30-OCT-90(A)
PRINT   DOC      33   2-MAY-87 1644    ALL ALL ALL  13-SEP-90(A)
TLXG02  DOC      44   2-MAY-87 1641    ALL ALL ALL  13-SEP-90(A)
NSCPRO  DOC      10   2-MAY-87 1641    ALL ALL ALL  30-OCT-90(A)
PADGEN  DOC      13   2-MAY-87 1639    ALL ALL ALL  12-OCT-90(A)
PADUSR  DOC      23   2-MAY-87 1638    ALL ALL ALL  30-OCT-90(A)
XPCPAD  DOC      11   2-MAY-87 1635    ALL ALL ALL  30-OCT-90(A)
XPCDOS  DOC      27   2-MAY-87 1633    ALL ALL ALL  30-OCT-90(A)
PROJEC  DOC      19   2-MAY-87 1632    ALL ALL ALL  30-OCT-90(A)
ATC126  DOC      16   2-MAY-87 1624    ALL ALL ALL  30-OCT-90(A)
ATC     DOC       7   2-MAY-87 1624    ALL ALL ALL  13-SEP-90(A)
ATCOMP  DOC       7   2-MAY-87 1623    ALL ALL ALL  13-SEP-90(A)
TEATC   DOC       3   2-MAY-87 1623    ALL ALL ALL  13-SEP-90(A)
TGUIDE  DOC      54   2-MAY-87 1620    ALL ALL ALL  18-OCT-90(A)
PBH10   DOC      44   2-MAY-87 1617    ALL ALL ALL  30-OCT-90(A)
PBHBOM  DOC      31   2-MAY-87 1615    ALL ALL ALL  30-OCT-90(A)
PBT09   DOC      48   2-MAY-87 1613    ALL ALL ALL  30-OCT-90(A)
PBTBOM  DOC      43   2-MAY-87 1611    ALL ALL ALL  30-OCT-90(A)
SCRPT2  DOC      15   2-MAY-87 1609    ALL ALL ALL  30-OCT-90(A)
SUBMIT  DOC      33   2-MAY-87 1559    ALL ALL ALL  30-OCT-90(A)
PRPCHG  DOC       4   2-MAY-87 1559    ALL ALL ALL  30-OCT-90(A)
BUBNET  DOC       2   2-MAY-87 1559    ALL ALL ALL  30-OCT-90(A)
RTYCHG  DOC       2   2-MAY-87 1559    ALL ALL ALL  30-OCT-90(A)
ED      DOC       3   2-MAY-87 1558    ALL ALL ALL  30-OCT-90(A)
SNAERS  DOC      62   2-MAY-87 1535    ALL ALL ALL  30-OCT-90(A)
SNASGN  DOC      60   2-MAY-87 1532    ALL ALL ALL  30-OCT-90(A)
BGUIDE  DOC      93   2-MAY-87 1527    ALL ALL ALL  30-OCT-90(A)
SECURE  DOC       6   2-MAY-87 1526    ALL ALL ALL  30-OCT-90(A)
XRAY52  DOC     158   2-MAY-87 1449    ALL ALL ALL  30-OCT-90(A)
TMCS11  DOC      51   2-MAY-87 1445    ALL ALL ALL  30-OCT-90(A)
XOMTMS  DOC     116   2-MAY-87 1439    ALL ALL ALL  30-OCT-90(A)
XRYTMS  DOC     111   2-MAY-87 1433    ALL ALL ALL  30-OCT-90(A)
SMODE   DOC      23   2-MAY-87 1432    ALL ALL ALL  30-OCT-90(A)
PTIGED  DOC       4   2-MAY-87 1432    ALL ALL ALL  30-OCT-90(A)
ATC200  DOC      18   2-MAY-87 1429    ALL ALL ALL  30-OCT-90(A)
IATGED  DOC       9   2-MAY-87 1429    ALL ALL ALL  30-OCT-90(A)
IATGID  DOC      13   2-MAY-87 1428    ALL ALL ALL  30-OCT-90(A)
MLIGED  DOC       5   2-MAY-87 1427    ALL ALL ALL  30-OCT-90(A)
TPMKTG  DOC       5   2-MAY-87 1417    ALL ALL ALL  30-OCT-90(A)
TPUSER  DOC      11   2-MAY-87 1417    ALL ALL ALL  30-OCT-90(A)
TPTECH  DOC       6   2-MAY-87 1416    ALL ALL ALL  30-OCT-90(A)
TPUT14  DOC       2   2-MAY-87 1347    ALL ALL ALL  30-OCT-90(A)
PBT901  DOC      48   2-MAY-87 1344    ALL ALL ALL  30-OCT-90(A)
PBH101  DOC      44   2-MAY-87 1342    ALL ALL ALL  30-OCT-90(A)
HBOM10  DOC      31   2-MAY-87 1340    ALL ALL ALL  30-OCT-90(A)
TBOM09  DOC      43   2-MAY-87 1337    ALL ALL ALL  30-OCT-90(A)
ATC300  DOC      17   2-MAY-87 1337    ALL ALL ALL  30-OCT-90(A)
CMTHAF  DOC      23   2-MAY-87 1331    ALL ALL ALL  30-OCT-90(A)
DDCATP  DOC      16  20-SEP-85 2022    ALL ALL ALL  30-OCT-90(A)
SNAMCA  DOC       7  19-SEP-85 1447    ALL ALL ALL  30-OCT-90(A)
TOOLS   DOC      74  17-SEP-85 1410    ALL ALL ALL  30-OCT-90(A)
STDDFS  DOC      15  29-AUG-85 1248    ALL ALL ALL  30-OCT-90(A)
XCLASS  DOC     317  10-AUG-85  105    ALL ALL ALL  25-OCT-90(A)
X25CAP  DOC      39   8-AUG-85 1649    ALL ALL ALL  30-OCT-90(A)
MUX     DOC      20   2-AUG-85 1912    ALL ALL ALL  30-OCT-90(A)
VTIGED  DOC      10  20-JUN-85 1545    ALL ALL ALL  30-OCT-90(A)
ONTYME  DOC       3  12-JUN-85  403    ALL ALL ALL  30-OCT-90(A)
CMFCPX  DOC       8   6-JUN-85 1323    ALL ALL ALL  30-OCT-90(A)
ANDERS  DOC     105  28-MAY-85 1518    ALL ALL ALL  30-OCT-90(A)
SUPCHK  DOC       6  23-MAY-85 1256    ALL ALL ALL  30-OCT-90(A)
SNAIIX  DOC      12  19-MAY-85 2353    ALL ALL ALL  30-OCT-90(A)
VHPGID  DOC       8   6-MAY-85 1734    ALL ALL ALL  30-OCT-90(A)
SNAGID  DOC      34   6-MAY-85 1442    ALL ALL ALL  30-OCT-90(A)
SUBINF  DOC       8   3-MAY-85 1651    ALL ALL ALL  30-OCT-90(A)
XRYOPR  DOC       8   3-MAY-85 1644    ALL ALL ALL  30-OCT-90(A)
XRYNTC  DOC     111   3-MAY-85 1638    ALL ALL ALL  30-OCT-90(A)
BOOT06  DOC      16  30-APR-85 1711    ALL ALL ALL  30-OCT-90(A)
BOOT07  DOC       9  30-APR-85 1708    ALL ALL ALL  30-OCT-90(A)
TPUT    DOC      38  30-APR-85 1704    ALL ALL ALL  30-OCT-90(A)
IMS278  DOC     103  30-APR-85 1658    ALL ALL ALL  30-OCT-90(A)
VMBERS  DOC      16  21-APR-85 2059    ALL ALL ALL  30-OCT-90(A)
VHPWBS  DOC       5  18-APR-85 1501    ALL ALL ALL  30-OCT-90(A)
VHPGED  DOC       6  18-APR-85 1319    ALL ALL ALL  30-OCT-90(A)
TMP     DOC       3  12-APR-85 1533    ALL ALL ALL  30-OCT-90(A)
HSTNME  DOC       6  11-APR-85 1244    ALL ALL ALL  30-OCT-90(A)
525GED  DOC       7   9-APR-85 2224    ALL ALL ALL  30-OCT-90(A)
VMBGED  DOC       5  13-MAR-85 1518    ALL ALL ALL  30-OCT-90(A)
VMBGID  DOC       7  13-MAR-85 1518    ALL ALL ALL  30-OCT-90(A)
VMBATP  DOC      17  13-MAR-85 1518    ALL ALL ALL  30-OCT-90(A)
NTDABS  DOC      19   1-MAR-85 1907    ALL ALL ALL  30-OCT-90(A)
SDLCPX  DOC      19  22-FEB-85 1231    ALL ALL ALL  30-OCT-90(A)
SITPRE  DOC      24  22-FEB-85 1219    ALL ALL ALL  30-OCT-90(A)
COPYPC  DOC       2   5-FEB-85 1831    ALL ALL ALL  30-OCT-90(A)
SYNDD2  DOC      45   4-FEB-85 1258    ALL ALL ALL  30-OCT-90(A)
ENGCPX  DOC      10  22-JAN-85 1314    ALL ALL ALL  30-OCT-90(A)
CMTRDX  DOC      78  11-JAN-85 1643    ALL ALL ALL  30-OCT-90(A)
I32CPX  DOC      12  20-DEC-84 2151    ALL ALL ALL  30-OCT-90(A)
ISICPX  DOC      11  20-DEC-84 2145    ALL ALL ALL  30-OCT-90(A)
PROCPX  DOC       6  19-DEC-84 1747    ALL ALL ALL  30-OCT-90(A)
RAMCPX  DOC       5  17-DEC-84 1311    ALL ALL ALL  30-OCT-90(A)
TYSCPX  DOC       9  11-DEC-84 1915    ALL ALL ALL  30-OCT-90(A)
TMCCPX  DOC       5  11-DEC-84 1456    ALL ALL ALL  30-OCT-90(A)
TYCCPX  DOC       6  11-DEC-84 1439    ALL ALL ALL  30-OCT-90(A)
SUPCPX  DOC      15  11-DEC-84 1428    ALL ALL ALL  30-OCT-90(A)
MALCMT  DOC      78   7-DEC-84 1649    ALL ALL ALL  30-OCT-90(A)
HASCPX  DOC      13   7-DEC-84 1424    ALL ALL ALL  30-OCT-90(A)
ELFCPX  DOC      12   5-DEC-84 1719    ALL ALL ALL  30-OCT-90(A)
NETCPX  DOC      13   5-DEC-84 1209    ALL ALL ALL  30-OCT-90(A)
SNACPX  DOC      13   3-DEC-84 1449    ALL ALL ALL  30-OCT-90(A)
LOADNO  DOC       4  10-NOV-84  352    ALL ALL ALL  30-OCT-90(A)
X25SD   DOC      30   5-NOV-84 1421    ALL ALL ALL  30-OCT-90(A)
HT2780  DOC      51  23-OCT-84 1407    ALL ALL ALL  30-OCT-90(A)
DOSMLI  DOC       3  15-OCT-84 1938    ALL ALL ALL  30-OCT-90(A)
CPUDD2  DOC      37  12-OCT-84 1656    ALL ALL ALL  30-OCT-90(A)
ELFOD3  DOC      97  12-OCT-84 1400    ALL ALL ALL  30-OCT-90(A)
BVTERS  DOC      11   5-OCT-84 1530    ALL ALL ALL  30-OCT-90(A)
INTDD2  DOC      32   4-OCT-84 1919    ALL ALL ALL  30-OCT-90(A)
ENGMPD  DOC      49   2-OCT-84 2008    ALL ALL ALL  30-OCT-90(A)
RAMRD5  DOC      69  18-SEP-84 1847    ALL ALL ALL  30-OCT-90(A)
RAMOD5  DOC      68  14-SEP-84 1331    ALL ALL ALL  30-OCT-90(A)
NTV202  DOC      81  11-SEP-84 1243    ALL ALL ALL  30-OCT-90(A)
I32RDT  DOC      49  28-AUG-84 1239    ALL ALL ALL  30-OCT-90(A)
ALMSD   DOC      18  27-AUG-84 1619    ALL ALL ALL  30-OCT-90(A)
I32RDH  DOC      49  24-AUG-84 1930    ALL ALL ALL  30-OCT-90(A)
SDLCER  DOC      75  13-AUG-84 1235    ALL ALL ALL  30-OCT-90(A)
SVHPLN  DOC       7  17-JUL-84 1904    ALL ALL ALL  30-OCT-90(A)
ONTODX  DOC      84   9-JUL-84 1744    ALL ALL ALL  30-OCT-90(A)
CPPRO   DOC      11   5-JUL-84 1947    ALL ALL ALL  30-OCT-90(A)
XNCADP  DOC     103  29-JUN-84 1812    ALL ALL ALL  30-OCT-90(A)
XNCODP  DOC      90   8-JUN-84 1813    ALL ALL ALL  30-OCT-90(A)
SNAFUN  DOC       4  25-MAY-84 2114    ALL ALL ALL  30-OCT-90(A)
TSTPLN  DOC      11  18-MAY-84 2021    ALL ALL ALL  30-OCT-90(A)
TLXG01  DOC      23  17-APR-84 2026    ALL ALL ALL  30-OCT-90(A)
X25RD2  DOC     157  11-APR-84 1959    ALL ALL ALL  30-OCT-90(A)
PRBRD   DOC     114  23-MAR-84 1322    ALL ALL ALL  30-OCT-90(A)
UNDELE  DOC       2  16-MAR-84 1548    ALL ALL ALL  30-OCT-90(A)
PRBBD1  DOC      25  27-FEB-84 2015    ALL ALL ALL  30-OCT-90(A)
401     DOC     149  15-FEB-84 1831    ALL ALL ALL  30-OCT-90(A)
ENGMPC  DOC      30   8-FEB-84 1630    ALL ALL ALL  30-OCT-90(A)
ENGMPB  DOC      12  19-DEC-83 1739    ALL ALL ALL  30-OCT-90(A)
ENGMPA  DOC      12  19-DEC-83 1715    ALL ALL ALL  30-OCT-90(A)
RESOUR  DOC       3   7-DEC-83 1823    ALL ALL ALL  30-OCT-90(A)
PRBCDX  DOC       5   1-DEC-83 1521    ALL ALL ALL  30-OCT-90(A)
SCRASH  DOC       2  30-NOV-83 1431    ALL ALL ALL  30-OCT-90(A)
STADDR  DOC       3  28-NOV-83 1451    ALL ALL ALL  30-OCT-90(A)
TEL     DOC      33   8-NOV-83 1355    ALL ALL ALL  30-OCT-90(A)
CU3274  DOC       2   1-NOV-83 2025    ALL ALL ALL  30-OCT-90(A)
TVEDIT  DOC      26  21-OCT-83 1750    ALL ALL ALL  30-OCT-90(A)
CONCAT  DOC       4  19-OCT-83 1918    ALL ALL ALL  30-OCT-90(A)
PCOM    DOC      10  18-OCT-83 2224    ALL ALL ALL  30-OCT-90(A)
EDITOR  DOC       2  14-OCT-83 1754    ALL ALL ALL  30-OCT-90(A)
TTR     DOC       8  13-OCT-83 1507    ALL ALL ALL  30-OCT-90(A)
TPROC   DOC       3   4-AUG-83 1030    ALL ALL ALL  30-OCT-90(A)
XPTGED  DOC       5  25-JUL-83 1249    ALL ALL ALL  30-OCT-90(A)
INTDBU  DOC      14  20-JUL-83 1717    ALL ALL ALL  30-OCT-90(A)
MEMORY  DOC      11  20-JUL-83 1715    ALL ALL ALL  30-OCT-90(A)
SYNASY  DOC      12  20-JUL-83 1714    ALL ALL ALL  30-OCT-90(A)
SYCENH  DOC      28  20-JUL-83 1713    ALL ALL ALL  30-OCT-90(A)
MAGTAP  DOC      22  20-JUL-83 1711    ALL ALL ALL  30-OCT-90(A)
MAC     DOC      15  20-JUL-83 1710    ALL ALL ALL  30-OCT-90(A)
GUID3D  DOC     212  29-JUN-83 1248    ALL ALL ALL  30-OCT-90(A)
EMEM    DOC       4  27-JUN-83 1703    ALL ALL ALL  30-OCT-90(A)
NEWFAM  DOC      14  21-JUN-83 1320    ALL ALL ALL  30-OCT-90(A)
MICRO   DOC      20  13-JUN-83 1710    ALL ALL ALL  30-OCT-90(A)
NTVDOG  DOC      38   9-JUN-83 1805    ALL ALL ALL  30-OCT-90(A)
NTVERS  DOC      47   9-JUN-83 1802    ALL ALL ALL  30-OCT-90(A)
NCPROT  DOC       5   4-JUN-83  432    ALL ALL ALL  30-OCT-90(A)
RAMMEM  DOC       3  26-MAY-83 1936    ALL ALL ALL  30-OCT-90(A)
501     DOC      83   9-MAY-83 1704    ALL ALL ALL  30-OCT-90(A)
BXDGED  DOC       5   6-MAY-83 1535    ALL ALL ALL  30-OCT-90(A)
MANAGE  DOC       7  13-APR-83 1709    ALL ALL ALL  30-OCT-90(A)
DUSAGE  DOC       4  16-MAR-83 1240    ALL ALL ALL  30-OCT-90(A)
SAIL    DOC      14  11-MAR-83 1947    ALL ALL ALL  30-OCT-90(A)
101D    DOC     205   2-MAR-83 1948    ALL ALL ALL  30-OCT-90(A)
403D    DOC     110  24-FEB-83 1257    ALL ALL ALL  30-OCT-90(A)
STAT    DOC       5   9-FEB-83 1740    ALL ALL ALL  30-OCT-90(A)
MAINT   DOC      95   4-FEB-83  126    ALL ALL ALL  30-OCT-90(A)
BVTGED  DOC       4  19-JAN-83 1803    ALL ALL ALL  30-OCT-90(AOOL   DOC       9  12-JAN-83 2027    ALL ALL ALL  30-OCT-90(A)
TYMPO   DOC      84  28-DEC-82 2105    ALL ALL ALL  30-OCT-90(A)
ARSCRM  DOC       2  16-NOV-82 1828    ALL ALL ALL  30-OCT-90(A)
GLOSS   DOC      26  12-NOV-82 1438    ALL ALL ALL  30-OCT-90(A)
ENGSW   DOC      91  28-OCT-82 1747    ALL ALL ALL  30-OCT-90(A)
ELF     DOC      34  14-OCT-82 2042    ALL ALL ALL  30-OCT-90(A)
VDUGID  DOC       5  14-OCT-82 1151    ALL ALL ALL  30-OCT-90(A)
VDUGED  DOC       6  14-OCT-82 1150    ALL ALL ALL  30-OCT-90(A)
XOMUG   DOC     113   8-OCT-82 1526    ALL ALL ALL  30-OCT-90(A)
SHC     DOC       8   6-OCT-82 1323    ALL ALL ALL  30-OCT-90(A)
NVA     DOC     185   9-SEP-82 1303    ALL ALL ALL  30-OCT-90(A)
TELECO  DOC      10   2-AUG-82 2026    ALL ALL ALL  30-OCT-90(A)
ISRS    DOC       6  20-JUL-82 1148    ALL ALL ALL  30-OCT-90(A)
MAINTN  DOC     147   1-JUL-82 1302    ALL ALL ALL  30-OCT-90(A)
SYSGEN  DOC      21  22-JUN-82 1523    ALL ALL ALL  30-OCT-90(A)
TBALNG  DOC      10  26-MAY-82 1641    ALL ALL ALL  30-OCT-90(A)
PROFIL  DOC      12  26-MAY-82 1641    ALL ALL ALL  30-OCT-90(A)
TBASUP  DOC      55  26-MAY-82 1641    ALL ALL ALL  30-OCT-90(A)
MANUAL  DOC     178  26-MAY-82 1641    ALL ALL ALL  30-OCT-90(A)
MLIB    DOC       9  12-MAY-82 1408    ALL ALL ALL  30-OCT-90(A)
SYS27   DOC      14   6-MAY-82 1402    ALL ALL ALL  30-OCT-90(A)
NETVAL  DOC      41   6-MAY-82 1320    ALL ALL ALL  30-OCT-90(A)
NEWSYS  DOC      15   6-MAY-82 1238    ALL ALL ALL  30-OCT-90(A)
ACTEST  DOC      24   6-MAY-82 1230    ALL ALL ALL  30-OCT-90(A)
OBJCNV  DOC       6  26-APR-82 1339    ALL ALL ALL  30-OCT-90(A)
MLINK   DOC      19  26-APR-82 1338    ALL ALL ALL  30-OCT-90(A)
OPER    DOC       2  21-APR-82 1315    ALL ALL ALL  30-OCT-90(A)
TAPE12  DOC       2  19-APR-82 1841    ALL ALL ALL  30-OCT-90(A)
UPI     DOC      56  14-APR-82 1447    ALL ALL ALL  30-OCT-90(A)
X22RPT  DOC      34  17-MAR-82 2149    ALL ALL ALL  30-OCT-90(A)
X22HST  DOC     120  17-MAR-82 2148    ALL ALL ALL  30-OCT-90(A)
VALID   DOC       9  17-MAR-82 2145    ALL ALL ALL  30-OCT-90(A)
UUOSYM  DOC       8  17-MAR-82 2145    ALL ALL ALL  30-OCT-90(A)
X22     DOC     355  17-MAR-82 2145    ALL ALL ALL  30-OCT-90(A)
TRUCTL  DOC       4  17-MAR-82 2144    ALL ALL ALL  30-OCT-90(A)
TAPE    DOC       8  17-MAR-82 2142    ALL ALL ALL  30-OCT-90(A)
TBA     DOC     178  17-MAR-82 2142    ALL ALL ALL  30-OCT-90(A)
SPELL   DOC      12  17-MAR-82 2141    ALL ALL ALL  30-OCT-90(A)
SMERGE  DOC       4  17-MAR-82 2141    ALL ALL ALL  30-OCT-90(A)
SI8085  DOC      18  17-MAR-82 2141    ALL ALL ALL  30-OCT-90(A)
SI8080  DOC      18  17-MAR-82 2140    ALL ALL ALL  30-OCT-90(A)
SI8048  DOC      24  17-MAR-82 2140    ALL ALL ALL  30-OCT-90(A)
SI6800  DOC      23  17-MAR-82 2140    ALL ALL ALL  30-OCT-90(A)
SI1000  DOC      12  17-MAR-82 2140    ALL ALL ALL  30-OCT-90(A)
RUNOFF  DOC      18  17-MAR-82 2137    ALL ALL ALL  30-OCT-90(A)
REMIND  DOC       8  17-MAR-82 2137    ALL ALL ALL  30-OCT-90(A)
REDUCE  DOC      45  17-MAR-82 2137    ALL ALL ALL  30-OCT-90(A)
RAID    DOC      28  17-MAR-82 2136    ALL ALL ALL  30-OCT-90(A)
PUNCH   DOC       3  17-MAR-82 2136    ALL ALL ALL  30-OCT-90(A)
POLLER  DOC       5  17-MAR-82 2136    ALL ALL ALL  30-OCT-90(A)
NONAME  DOC       3  17-MAR-82 2136    ALL ALL ALL  30-OCT-90(A)
MACTEN  DOC       6  17-MAR-82 2136    ALL ALL ALL  30-OCT-90(A)
LNEDIT  DOC       2  17-MAR-82 2136    ALL ALL ALL  30-OCT-90(A)
LINK    DOC       9  17-MAR-82 2136    ALL ALL ALL  30-OCT-90(A)
JOBDAT  DOC       5  17-MAR-82 2136    ALL ALL ALL  30-OCT-90(A)
FX4CNV  DOC      10  17-MAR-82 2135    ALL ALL ALL  30-OCT-90(A)
FORLIB  DOC      13  17-MAR-82 2135    ALL ALL ALL  30-OCT-90(A)
DECMAC  DOC      29  17-MAR-82 2135    ALL ALL ALL  30-OCT-90(A)
CLMICR  DOC      17  17-MAR-82 2134    ALL ALL ALL  30-OCT-90(A)
CAZ80   DOC      15  17-MAR-82 2134    ALL ALL ALL  30-OCT-90(A)
CAPPS8  DOC      15  17-MAR-82 2134    ALL ALL ALL  30-OCT-90(A)
CAPACE  DOC      14  17-MAR-82 2133    ALL ALL ALL  30-OCT-90(A)
CAF8    DOC      13  17-MAR-82 2133    ALL ALL ALL  30-OCT-90(A)
CA9900  DOC      13  17-MAR-82 2133    ALL ALL ALL  30-OCT-90(A)
CA8085  DOC      20  17-MAR-82 2132    ALL ALL ALL  30-OCT-90(A)
CA8048  DOC      18  17-MAR-82 2132    ALL ALL ALL  30-OCT-90(A)
CA8008  DOC      20  17-MAR-82 2132    ALL ALL ALL  30-OCT-90(A)
CA68K   DOC      37  17-MAR-82 2132    ALL ALL ALL  30-OCT-90(A)
CA6800  DOC      14  17-MAR-82 2132    ALL ALL ALL  30-OCT-90(A)
CA6502  DOC      15  17-MAR-82 2132    ALL ALL ALL  30-OCT-90(A)
CA4040  DOC      14  17-MAR-82 2131    ALL ALL ALL  30-OCT-90(A)
CA2000  DOC      17  17-MAR-82 2131    ALL ALL ALL  30-OCT-90(A)
CA1802  DOC      13  17-MAR-82 2131    ALL ALL ALL  30-OCT-90(A)
CA1000  DOC      14  17-MAR-82 2131    ALL ALL ALL  30-OCT-90(A)
BIONIC  DOC       2  17-MAR-82 2131    ALL ALL ALL  30-OCT-90(A)
BAIL    DOC      18  17-MAR-82 2131    ALL ALL ALL  30-OCT-90(A)
GEDML   DOC       5  15-MAR-82 1435    ALL ALL ALL  30-OCT-90(A)
GIDML   DOC       3  15-MAR-82 1434    ALL ALL ALL  30-OCT-90(A)
BSCMLV  DOC       8  15-MAR-82 1423    ALL ALL ALL  30-OCT-90(A)
BPROM   DOC       4  25-FEB-82 1747    ALL ALL ALL  30-OCT-90(A)
LBOOT   DOC      11  25-FEB-82 1747    ALL ALL ALL  30-OCT-90(A)
DUMP    DOC       2  18-FEB-82 2331    ALL ALL ALL  30-OCT-90(A)
IIXSUM  DOC       2  17-DEC-81 1745    ALL ALL ALL  30-OCT-90(A)
VUE     DOC      64  11-DEC-81 1243    ALL ALL ALL  30-OCT-90(A)
DOCFIL  DOC       3   9-DEC-81 1921    ALL ALL ALL  30-OCT-90(A)
TC      DOC       3  10-NOV-81 1822    ALL ALL ALL  30-OCT-90(A)
CIAO    DOC       5   3-NOV-81  144    ALL ALL ALL  30-OCT-90(A)
DIRIT   DOC       2  30-OCT-81 1658    ALL ALL ALL  30-OCT-90(A)
CLRALC  DOC       3  30-OCT-81 1442    ALL ALL ALL  30-OCT-90(A)
USAGE   DOC       3  20-OCT-81 1926    ALL ALL ALL  30-OCT-90(A)
PRTAID  DOC       3  20-OCT-81 1707    ALL ALL ALL  30-OCT-90(A)
TAKEIT  DOC      29  20-OCT-81 1251    ALL ALL ALL  30-OCT-90(A)
MAGTAB  DOC       3  19-OCT-81 1807    ALL ALL ALL  30-OCT-90(A)
TITO    DOC      21  21-AUG-81 1830    ALL ALL ALL  30-OCT-90(A)
FSHSPL  DOC      18  21-AUG-81 1813    ALL ALL ALL  30-OCT-90(A)
1CLEAR  DOC       2  21-AUG-81 1805    ALL ALL ALL  30-OCT-90(A)
AUTOFD  DOC      19   7-AUG-81 2015    ALL ALL ALL  30-OCT-90(A)
XTAB    DOC       2   8-JUL-81 2026    ALL ALL ALL  30-OCT-90(A)
PROBE   DOC       6   7-JUL-81  805    ALL ALL ALL  30-OCT-90(A)
CANNAD  DOC       2  22-MAY-81 1850    ALL ALL ALL  30-OCT-90(A)
RESPON  DOC       2  22-MAY-81 1817    ALL ALL ALL  30-OCT-90(A)
F40F10  DOC       2  22-MAY-81 1238    ALL ALL ALL  30-OCT-90(A)
BIO     DOC       2  22-MAY-81 1231    ALL ALL ALL  30-OCT-90(A)
ISISOV  DOC       6  19-FEB-81 1242    ALL ALL ALL  30-OCT-90(A)
TMS     DOC       7  16-JAN-81 1746    ALL ALL ALL  30-OCT-90(A)
PART    DOC      23  21-OCT-80 1657    ALL ALL ALL  30-OCT-90(A)
MXV2    DOC      19  16-OCT-80 1543    ALL ALL ALL  30-OCT-90(A)
ASP     DOC       5  21-AUG-80 1649    ALL ALL ALL  30-OCT-90(A)
BATCH   DOC       3  21-AUG-80 1637    ALL ALL ALL  30-OCT-90(A)
OSIRIS  DOC      49  11-JUL-80 2119    ALL ALL ALL  30-OCT-90(A)
PUB     DOC      63   5-MAY-80 2101    ALL ALL ALL  30-OCT-90(A)
MAGCON  DOC      16   3-JUN-77 1938    ALL ALL ALL  30-OCT-90(A)
BACKUP  DOC      19   1-FEB-77 2149    ALL ALL ALL  30-OCT-90(A)
MTCOPY  DOC       3  16-APR-76 1735    ALL ALL ALL  30-OCT-90(A)

-EXI
n?t