

               WESTERN TECHNICAL SUPPORT - ST. LOUIS
                    *** MCDONNELL  DOUGLAS ***
                        *** CUSTOMERS ***
                     UPDATED 05/08/92  MAH/WTSSL

                                                                  RESPONSIBLE
NODE   NODE                                                      COMMUNICATIONS
NUM    NAME    CUSTOMER-SLOT, HOST, KERNEL  LOCATION               SPECIALIST
====   ====    ===========================  ========               ==========
5505   ND5505  MDC-AIS                      ST. LOUIS, MO          HOWLAND
               (SLOT 4, HOST 2747, KERNEL 6969, X25     9.6  )
                  SLOT 4 ALSO CONTAINS HOSTS 2947, 2962, 2963, 2970,
                                             2124, 1808, 8423
5720   ND5720  MDC-DIV/RCS                  ST. LOUIS, MO          HOWLAND
               (SLOT 1, HOST 3390, KERNEL 7291, X25     19.2 HW)
5725   ND5725  MDC-CIS                      ST. LOUIS, MO          HOWLAND
               (SLOT 2, HOST 8272, KERNEL 7296, X25     9.6  )
                  SLOT 2 ALSO CONTAINS HOSTS 7468, 8073, 3587,
                                             3625, 3626
5727   ND5727  MDC-CIS                      ST. LOUIS, MO          HOWLAND
               (SLOT 4, HOST 7468, KERNEL 7298, X25     9.6  )
                  SLOT 4 ALSO CONTAINS HOSTS 8073, 3587,
                                             3625, 3626
7473   ND7473  MDC - MD DIV / INFO SYSTEMS  FLORHAM PARK, NJ       HOWLAND
               (SLOT 1, HOST 18822,KERNEL 6079, ATI-64       )
7762   ND7762  MDC - DIV/FIS IBIS           LYNDHURST, NJ          HOWLAND
               (SLOT 1, HOST 5570, KERNEL 7768, X25     9.6  )
