
                   WESTERN TECHNICAL SUPPORT - ST. LOUIS
                             *** CUSTOMERS ***
                         UPDATED 10/26/92  MAH/WTSSL
  
  
  
  
  CUSTOMER          NODE   KERNL  HOST   S  INTERFACE  LOCATION            CS
  ================  =====  =====  =====  =  =========  ==================  ===
  ANHEUSER BUSCH     4602   2791  11733  1  AHI-4 9.6  ST. LOUIS, MO       RDH
                                    386  3  X25-19.2
                     5565   5183    376  3  X25-19.2   ST. LOUIS, MO
                                  11500  3  X25-9.6
  BEECH AIRCRAFT     5505  13102   8847  2  PBH-9.6    WICHITA, KS         RDH
  BLUE CROSS         5410  10081   2801  2  XLINK-9.6  MINNEAPOLIS, MN     MAH
                    11170   5202    154  1  XLINK-9.6
  BROADCAST DATA     3045   7082   8553  1  X25        KANSAS CITY, MO     MJM
                     5505   6969   4460  3  X25        KANSAS CITY, MO
  BROWN SHOE         2460  14486   5083  1  X25-9.6    CHICAGO, IL         RDH
                                   2693
                     5506   6970   4218  3  X25-9.6    ST. LOUIS, MO
                                   6943
                                   4220  4  CMTI
  CABLE SERVICES     3400  11885  10186  1  XLINK-     OMAHA, NE           MJN
  CEDAR RAPIDS/ELJAY 5301    287   7747  2  XLINK-4.8  EUGENE, OR          MAH
  CEDAR RAPIDS, IN   7560   3589   1371  1  PBH-9.6    CEDAR RAPIDS, IA    MAH
                     7560   3589   1574  2  CMTI
                    12173  11071   7782  2  MENU
  CESSNA AIRCRAFT    5141   7913   9212  1  SNA-4.8    WICHITA, KS         RDH
                                   9213  2  CMTI
                     6504   2354    503  1  CMTI
                     6510   2372    504  1  SNA-4.8
  CONAGRA            7122   1985   6722  1  X25-9.6    OMAHA, NE           MJN
  DATA RESEARCH AS   4766   5287   6183  1  ST. LOUIS, MO                  RDH
  DST/ARGUS/RTC      4041   7997   3081  3  CMTI       KANSAS CITY, MO     MAH
                          ( SNA IS ON NODE 4054 )
  DST/ARGUS/RTC      4054   8217   3080  1  SNA-9.6    KANSAS CITY, MO
                        ( CMT IS ON NODE 4041 )
  DUNCAN AVIATION   10273   8258   8259  1  AHI-16     LINCOLN, NE         MJN
  FISHER CONTROL     5124  13104  10095  2  XLINK-19.2 AUSTIN, TX          RDH
  JAMES E. FRICK     3632   3376  14874  1  XLINK-4.8  ROCK HILL, CT       MAH
                          * BT PAD TIF CONNECTS TO XLINK *
                    10556   8760   8761  1  AHI-16     ST. LOUIS, MO
  HALLMARK CARDS    12167  11065  15795  3  XLINK-96C  KANSAS CITY, MO     MAH
  HILLS PET PROD    10022   7275  12857  1  XLINK-9.6  HOUSTON, TX         MAH
                    10613   8892  15210  1  XLINK-9.6  MONTREAL, QUEBEC
                    10720  13059  13269  1  X25-56KB   GRAND PRAIRIE, TX
                    11062  11653  13603  4  XLINK-9.6  TORONTO, ONTARIO
                    13460  15134  13271  1  X25-56KB   TORONTO, ONTARIO
  HONEYWELL INC.     7030   2419   4980  1  X25-56KB   MINNEAPOLIS, MN     MAH
                                   4512  2  X25-19.2
                                   4545  2  X25-19.2
                    13140  14975  13930  3  X25-19.2   PHOENIX, AZ         MAH
  HONEYWELL/DATA G   7156   4881   4080  1  X25-56KB   LOUISVILL, KY       MAH
  HUSSMAN CORP       3063  11660   4509  1  SNA-9.6    ST. LOUIS, MO       RDH
                     5720   7291   7419  2  SDLC 4.8   DAKOTA, CITY NE
  IBP                3346   7344   7135  2  SDLC 4.8   DAKOTA, CITY NE     MJN
                         * SDLC EXT CORD TO JAPAN *
  ITT LIFE INSUR    10473   6252   9434  1  CMTI       MINNEAPOLIS, MN     RDH
                    11170   5202  14973  1  XLINK-9.6  MINNEAPOLIS, MN
                    12515   4317  11280  2  SDLC-TIF   MINNEAPOLIS, MN
  MARITZ             5723   7294   3360  1  CMTI       ST. LOUIS, MO       RDH
                          ( SNA IS ON NODE 10141 )
                    10141   8000   4054  4  SNA-9.6    ST. LOUIS, MO       RDH
  MASTERCARD         4766   5287   6283  2  X25-4.8    ST. LOUIS, MO       MAH
  MAY COMPANY        5643   4626   9161  1  XLINK-19.2 ST. LOUIS, MO       MAH
                    12767    750   2416  B  X25-4.8    SILVER SPRINGS, MD

  MEDTRONIC          4362  10080  10238  2  XLINK-9.6  MINEAPOLIS, MN      MJN
                         * BT PAD TIF CONNECTS TO XLINK *
                    12046   6917  10738  1  ATI-2      DETROIT, MI
                                   6920  2  SDLC
                    12127  12098   9877  2  SDLC HIF   MINNEAPOLIS, MN
                                   7304  3  SDLC HIF
                                   2773  4  SDLC HIF
                    12129  12099  12108  1  X25        MINNEAPOLIS, MN
                                   4623  2  SDLC HIF
                                   6860  3  SDLC HIF
                                   6864  4  SDLC HIF
                    12131  12100  16667  1  ATI-2      BOSTON, MA
                                  16666  2  SDLC
                    12132  12101  16669  1  ATI-2      CLEVELAND, OH
                                  16668  2  SDLC
                    12133  12102  16671  1  ATI-2      PHILADELPHIA, PA
                                  16670  2  SDLC-TIF
                    12134  12103  16673  1  ATI-2      CHARLOTTE, NC
                                  16672  2  SDLC-TIF
                    12135  12104  16675  1  ATI-2      DENVER, CO
                                  16674  2  SDLC-TIF
                    12136  12105  16677  1  ATI-2      LOUISVILLE, KY
                                  16676  2  SDLC-TIF
                    12137  12106  16679  1  ATI-2      BUFFALO, NY
                                  16678  2  SDLC-TIF
                    12140  12107  16681  1  ATI-2      PITTSBURGH, PA
                                  16680  2  SDLC-TIF
                    12210   2549  12875  1  ATI-2      SEATTLE, WA
                                   7273  2  SDLC-TIF
                    12536   5876  12877  1  ATI-2      IRVINE, CA
                                  11130  2  SDLC
                    12651   6930  10756  1  ATI-2      ST. LOUIS, MO
                                  10073  2  SDLC-TIF
                    12652   6958  11006  1  ATI-2      SAN FRANCISCO
                                   7006  2  SDLC-TIF
                    12670   4855  12877  2  ATI-2      PHOENIX, AZ
                                   8636  2  SDLC-TIF
                    12707   6369  12852  1  ATI-2      FT. LAUDERDALE
                                   6373  2  SDLC-TIF
                    12796   5863  12851  1  ATI-2      HOUSTON, TX
                                  10140  2  SDLC-TIF
                    12710   6380  12853  1  ATI-2      KANSAS CITY, KS
                                   6381  2  SDLC-TIF
                    12711   6503  12854  1  ATI-2      ARLINGTON, VA
                                   6505  2  SDLC-TIF
                    12712   6529  12860  1  ATI-2      NEW ORLEANS, LA
                                   8745  2  SDLC-TIF
                    12713   6531  12859  1  ATI-2      MEMPHIS, TN
                                   8236  2  SDLC-TIF
                    12714   6533  12858  1  ATI-2      CLEARWATER, FL
                                   8010  2  SDLC-TIF
                    12715   6343  12856  1  ATI-2      MINNEAPOLIS, MN
                                   7746  2  SDLC-TIF
                    13032   13652 13656  1  ATI-2      CHICAGO, IL
                                  13653  2  SDLC-TIF
  MINNESOTA MUT L    6174    2892  2386  1  SNA-19.2   MINNEAPOLIS, MN     MJN
                    10362   10082  2387  2  CMTI
  MONSANTO           3715    3493   729  1  AHI-32                         RDH
  MONSANTO AGRIC     5720    7291  8788  2  X25-9.6    ST. LOUIS, MO       RDH
  NOVUS INT'L        5272     808  1125  1  XLINK-9.6  O'FALLON, MO        MAH
                     5643    4626 15771  1  XLINK-9.6  ST. LOUIS, MO
                    11767    8501   436  2  XLINK-9.6  MEXICO CITY, MEXICO
  PAGODA             4115   13098 13554  1  X25-9.6    PARIS, FR           RDH
                     5643    4626 10230  2  X25-9.6    ST. LOUIS, MO

                     6761    2459 10366  2  x25-9.6    HONG KONG
  ROGERS TOOL WRK    3167   5579   1931  1  XLINK-19.2 ROGERS, AR          MAH
                     3231  10029   7208  2  XLINK-9.6  CHICAGO, IL         MAH
                        * TELEMATICS PAD TIF CONNECTS TO XLINK *
                     3740    240   2008  1  XLINK-9.6  JANESVILL, WI       MAH
                        * TELEMATICS PAD TIF CONNECTS TO XLINK *
                     4067   6107   1953  1  XLINK-9.6  SUNNYVALE, CA       MAH
                        * TELEMATICS PAD TIF CONNECTS TO XLINK *
                     4626  11049   1962  3  XLINK-9.6  CERRITOS, CA        MAH
                        * TELEMATICS PAD TIF CONNECTS TO XLINK *
                    10702  13380   2542  8  XLINK-9.6  CORNWALL, U.K.      MAH
                        * TELEMATICS PAD TIF CONNECTS TO XLINK *
                    11062  11653  15515  4  XLINK-9.6  TORONTO, CANADA     MAH
                        * TELEMATICS PAD TIF CONNECTS TO XLINK *  
  TYSON FOODS        2554   6961   1067  1  PBH 4.8    LITTLE ROCK, AK     MAH
                                   1118  2  CMTI
  UNION PAC TECH     4765   5286   2174  2  X25-9.6    ST. LOUIS, MO       MJN
                                   2174
                                   7378
                                   8637
                    10144   8003   2381  3  CMTI       ST. LOUIS, MO
  UNITED MO. BANK    5434     45     46  1  SNA-9.6    KANSAS CITY, MO
                                   4788  2  X25-9.6
                                   5590  3  9.6
  WATLOW ELECTRIC    4231   3817  14073  1  CMTU       ST. LOUIS, MO       MAH
                          ( UTS IS ON NODE 5724 )
                     5724   7295  14964  2  UTS-9.6    ST. LOUIS, MO
                          ( CMT IS ON NODE 4231 )
  
  
  
  
  -------------------------------------------------------------------------
  TOTAL OF MID CENTRAL OFFICE INTERFACES - 146
  

 