			     MIS Group and Friends
				SEPTEMBER, 1985

NAME                      PHONE             EXT.    USR.NAME    ONTYME.MAIL

ANTE            Dorissa . (408) 296-5443  .       . DANTE . . . D/ANTE
BARONE          Bob . . . (408) 738-3910  . 6836  . RSB . . . . R/BARONE
BLALACK         Jennifer. (408) 973-9510  . 6374  . JKNIGHT . . J/BLALACK
BUELNA          Jim . . . (707) 425-2842  . 6334  . BUELNAJ . . J/BUELNA
BURKE           Veronica. (408) 255-7011  . 7221  . VBURKE  . . V/BURKE
CANNING         Fred  . . (415) 594-0850  . 6382  . FCANNING. . F/CANNING
CARRELL         Andy  . . (408) 978-2162  . 6250  . CARRELLA. . A/CARRELL
CASH            Dede  . . (408) 297-4921  . 6734  . DCASH . . . D/CASH
COONS           Jaci  . . (408) 370-2140  . 6284  . JCOONS. . . J/COONS
CONFERENCE ROOM G                           6283
DEC ROOM                                    7719
DEXTER          Dennis  . (408) 263-6360  . 6798  . DEXTER. . . D/DEXTER
DUNCAN          Al  . . . (   )           . 6445
DUVALL          Chris . . (408) 245-0140  . 6584  . DUVALLC . . C/DUVALL
FOSS            Jean  . . (408) 354-8463  . 7616  . JEANF . . . J/FOSS
FINANCE CONFERENCE RM.                      6238
GROVES          Bud . . . (   )           . 7267
HA              Ellen . . (408) 247-5479  . 6372  . HAELLEN . . E/HA
HALL            Bob . . . (415) 791-8232  . 6323  . BOBH. . . . B/HALL
HOBART          Holly . . (408) 732-9192  . 6228  . HHOBART . . MAIL
HUANG           Susanna . (415) 948-5426  . 6507  . SHUANG. . . S/HUANG
KEANEY          Ann . . . (408) 255-4617  . 6935  . AKEANEY . . A/KEANEY
KOVACH          Dick. . . (408) 578-3469  . 6336  . RJK . . . . R/KOVACH
LANGENBERG      Marilyn . (408) 248-7185  . 8188  . MLANGEN . . M/LANGENBERG
LE              Viet. . . (408) 267-8541  . 6381  . LEV . . . . V/LE
LEAVITT         Peggy . . (408) 446-1484  . 8189  . LEAVITTP. . P/LEAVITT
LEEVER          Phil. . . (408) 286-9262  . 6454  . PLEEVER . . P/LEEVER
LEUNG           Grace . . (408) 446-9872  . 7171  . GLEUNG. . . G/LEUNG
LEUNG           Joanna  . (415) 793-1069  . 6312  . JLEUNG. . . J/LEUNG
LOVE            Chris . . (408) 447-1450  . 6084  . CLOVE . . . C/LOVE
LUE             Pat . . . (408) 274-7823  . 6345  . PLUE. . . . P/LUE
MOORE           Jerry . . (408) 257-4948  . 7791  . JMOORE. . . J/MOORE
MOULTON         Dennis. . (408) 730-0282  . 7249  . DMOULTON. . D/MOULTON
NESBITT         Bill  . . (408) 996-1668  . 7200  . BNESBITT. . B/NESBITT
NICHOLS         Mark  . . (408) 262-0721  . 6667  . MNICHOLS. . M/NICHOLS
NJAA            Liv . . . (415) 366-0745  . 6172  . LNJAA . . . L/NJAA
PROYECT         Donna . . (408) 737-2858  . 6281  . DPROYECT. . D/PROYECT
RODRIGUES       Pete. . . (408) 749-0430  . 7248  . RODRIGUESP. P/RODRIGUES
RODRIGUEZ       Frank . . (408) 735-0503  . 6333  . FRANK . . . F/RODRIGUEZ
SMITHSON        Wade  . . (408) 249-3530  . 6793  . WADES . . . W/SMITHSON
SPOOL ROOM                                  6381
STEPHENSON      Cliff . . (408) 226-9354  . 6282  . CSTEPHEN. . C/STEPHENSON
STRONACH        Jim . . . (408) 253-5085  . 8191  . STRONACHJ . J/STRONACH
TONSING         Patrick . (408) 247-4825  . 7063  . PTONSING. . P/TONSING
WILKES          Isabel. . (408) 996-1613  . 6355  . WILKESI . . I/WILKES
YOUNGSMA        Steve . . (415) 651-2905  . 8190  . YOUNGSMA. . S/YOUNGSMA
ZIMMERMAN       Tricia  . (408) 446-9872  . 6646  . TZIMMERMAN. SUP

Computer Access Numbers:

  CUPERTINO     (408) 446-7111   SAN JOSE      (408) 980-8100
  SAN JOSE      (408) 446-7111   SAN JOSE      (408) 446-6932/1200
  OAKLAND       (415) 836-8700   MOUNTAIN VIEW (415) 966-8550
  SAN FRANCISCO (415) 974-1300   SAN FRANCISCO (415) 543-0691
